0000 0001 0000 0001
1011 1110 0000 0111
0000 0010 0000 0010
0000 0000 0000 0000
0110 0000 0000 0000
0110 0000 0000 0000
0110 0000 0000 0000
1111 0001 0000 1110
1100 0001 0000 1110
0001 0010 0000 0001
1100 0001 0000 1111
1000 0010 0010 0001
0101 0001 1111 1111
1011 0000 0000 1010
0001 0010 1111 1111
0000 1110 0000 0011
